// Jest Snapshot v1, https://goo.gl/fbAQLP

exports[`<App /> renders empty with no data 1`] = `
<div
  className="App"
>
  <Banner
    APIcall={[Function]}
  />
  <Results
    stateData={Array []}
  />
</div>
`;
